======================================================================
ACCESSIBILITY TREE PMI EXPERIMENT — EXP-PHYSICS-34629310987
======================================================================
======================================================================
SYNTHETIC SPA EXPERIMENT — EXP-PHYSICS-34629310987
======================================================================

[1/6] Creating file URL from synthetic SPA...
  File URL: file:///home/runner/work/Spider/Spider/research/experiments/EXP-PHYSICS-34629310987/synthetic_spa.html

[2/6] Navigating to synthetic SPA...

[3/6] Collecting 25 trajectories of length 20...
  Collected 500 transitions

[4/6] Analyzing transitions...
  Total transitions: 500
  Non-leakage transitions: 500
  Within-URL transitions: 500

[5/6] Computing PMI...
  URL-only PMI (all): 0.000000 bits
  A11y-only PMI (all): 1.947718 bits
  Combined PMI (all): 1.947718 bits
  URL-only PMI (within-URL): 0.000000 bits
  A11y-only PMI (within-URL): 1.947718 bits

[6/6] Running permutation tests...
  URL-only permutation p: 0.000999
  A11y-only permutation p: 0.000999
  Within-URL A11y permutation p: 0.000999

======================================================================
DECISION EVALUATION
======================================================================
  Condition 1: A11y gain >= 0.1 bits: 1.947718 >= 0.1 = True
  Condition 2: A11y permutation p < 0.0125: 0.000999 < 0.0125 = True
  Condition 3: A11y PMI >= 0.5: 1.947718 >= 0.5 = True
  Condition 4: Null control (shuffled mean <= 0): 0.289887 <= 0 = False
  Condition 5: A11y varies within URL: 8 unique hashes > 1 = True
  Condition 6: Data sufficiency: 500 >= 50 = True

  SURVIVES_CURRENT_TEST: False
  OUTCOME: FALSIFIES

Raw results saved to /home/runner/work/Spider/Spider/research/experiments/EXP-PHYSICS-34629310987/raw_results.json
Synthetic transitions saved to /home/runner/work/Spider/Spider/research/experiments/EXP-PHYSICS-34629310987/synthetic_transitions.json

======================================================================
REAL SITE EXPERIMENT — tally_form
======================================================================

[1/4] Navigating to https://tally.so/r/wAqjQj...

[2/4] Collecting 30 transitions...
  Step 3 failed: ElementHandle.click: Timeout 30000ms exceeded.
Call log:
  - attempting click action
    2 × waiting for element to be visible, enabled and stable
      - element is visible, enabled and stable
      - scrolling into view if needed
      - done scrolling
      - <div class="sc-3d99112c-2 jqyCIT" data-sentry-source-file="index.tsx" data-sentry-element="ContentWrapper">…</div> from <div data-sentry-element="Container" data-sentry-source-file="index.tsx" data-sentry-component="FormBuilderIntegrations" class="sc-3d99112c-0 iYQIBQ overlay-page-container">…</div> subtree intercepts pointer events
    - retrying click action
    - waiting 20ms
    2 × waiting for element to be visible, enabled and stable
      - element is visible, enabled and stable
      - scrolling into view if needed
      - done scrolling
      - <div class="sc-3d99112c-2 jqyCIT" data-sentry-source-file="index.tsx" data-sentry-element="ContentWrapper">…</div> from <div data-sentry-element="Container" data-sentry-source-file="index.tsx" data-sentry-component="FormBuilderIntegrations" class="sc-3d99112c-0 iYQIBQ overlay-page-container">…</div> subtree intercepts pointer events
    - retrying click action
      - waiting 100ms
    54 × waiting for element to be visible, enabled and stable
       - element is visible, enabled and stable
       - scrolling into view if needed
       - done scrolling
       - <div class="sc-3d99112c-2 jqyCIT" data-sentry-source-file="index.tsx" data-sentry-element="ContentWrapper">…</div> from <div data-sentry-element="Container" data-sentry-source-file="index.tsx" data-sentry-component="FormBuilderIntegrations" class="sc-3d99112c-0 iYQIBQ overlay-page-container">…</div> subtree intercepts pointer events
     - retrying click action
       - waiting 500ms

  Step 4 failed: ElementHandle.click: Timeout 30000ms exceeded.
Call log:
  - attempting click action
    2 × waiting for element to be visible, enabled and stable
      - element is visible, enabled and stable
      - scrolling into view if needed
      - done scrolling
      - <div class="sc-3d99112c-2 jqyCIT" data-sentry-source-file="index.tsx" data-sentry-element="ContentWrapper">…</div> from <div data-sentry-element="Container" data-sentry-source-file="index.tsx" data-sentry-component="FormBuilderIntegrations" class="sc-3d99112c-0 iYQIBQ overlay-page-container">…</div> subtree intercepts pointer events
    - retrying click action
    - waiting 20ms
    2 × waiting for element to be visible, enabled and stable
      - element is visible, enabled and stable
      - scrolling into view if needed
      - done scrolling
      - <div class="sc-3d99112c-2 jqyCIT" data-sentry-source-file="index.tsx" data-sentry-element="ContentWrapper">…</div> from <div data-sentry-element="Container" data-sentry-source-file="index.tsx" data-sentry-component="FormBuilderIntegrations" class="sc-3d99112c-0 iYQIBQ overlay-page-container">…</div> subtree intercepts pointer events
    - retrying click action
      - waiting 100ms
    56 × waiting for element to be visible, enabled and stable
       - element is visible, enabled and stable
       - scrolling into view if needed
       - done scrolling
       - <div class="sc-3d99112c-2 jqyCIT" data-sentry-source-file="index.tsx" data-sentry-element="ContentWrapper">…</div> from <div data-sentry-element="Container" data-sentry-source-file="index.tsx" data-sentry-component="FormBuilderIntegrations" class="sc-3d99112c-0 iYQIBQ overlay-page-container">…</div> subtree intercepts pointer events
     - retrying click action
       - waiting 500ms

  Step 5 failed: ElementHandle.click: Timeout 30000ms exceeded.
Call log:
  - attempting click action
    2 × waiting for element to be visible, enabled and stable
      - element is visible, enabled and stable
      - scrolling into view if needed
      - done scrolling
      - <div class="sc-3d99112c-2 jqyCIT" data-sentry-source-file="index.tsx" data-sentry-element="ContentWrapper">…</div> from <div data-sentry-element="Container" data-sentry-source-file="index.tsx" data-sentry-component="FormBuilderIntegrations" class="sc-3d99112c-0 iYQIBQ overlay-page-container">…</div> subtree intercepts pointer events
    - retrying click action
    - waiting 20ms
    2 × waiting for element to be visible, enabled and stable
      - element is visible, enabled and stable
      - scrolling into view if needed
      - done scrolling
      - <div class="sc-3d99112c-2 jqyCIT" data-sentry-source-file="index.tsx" data-sentry-element="ContentWrapper">…</div> from <div data-sentry-element="Container" data-sentry-source-file="index.tsx" data-sentry-component="FormBuilderIntegrations" class="sc-3d99112c-0 iYQIBQ overlay-page-container">…</div> subtree intercepts pointer events
    - retrying click action
      - waiting 100ms
    56 × waiting for element to be visible, enabled and stable
       - element is visible, enabled and stable
       - scrolling into view if needed
       - done scrolling
       - <div class="sc-3d99112c-2 jqyCIT" data-sentry-source-file="index.tsx" data-sentry-element="ContentWrapper">…</div> from <div data-sentry-element="Container" data-sentry-source-file="index.tsx" data-sentry-component="FormBuilderIntegrations" class="sc-3d99112c-0 iYQIBQ overlay-page-container">…</div> subtree intercepts pointer events
     - retrying click action
       - waiting 500ms

  Step 6 failed: ElementHandle.click: Timeout 30000ms exceeded.
Call log:
  - attempting click action
    2 × waiting for element to be visible, enabled and stable
      - element is visible, enabled and stable
      - scrolling into view if needed
      - done scrolling
      - <div class="sc-3d99112c-2 jqyCIT" data-sentry-source-file="index.tsx" data-sentry-element="ContentWrapper">…</div> from <div data-sentry-element="Container" data-sentry-source-file="index.tsx" data-sentry-component="FormBuilderIntegrations" class="sc-3d99112c-0 iYQIBQ overlay-page-container">…</div> subtree intercepts pointer events
    - retrying click action
    - waiting 20ms
    2 × waiting for element to be visible, enabled and stable
      - element is visible, enabled and stable
      - scrolling into view if needed
      - done scrolling
      - <div class="sc-3d99112c-2 jqyCIT" data-sentry-source-file="index.tsx" data-sentry-element="ContentWrapper">…</div> from <div data-sentry-element="Container" data-sentry-source-file="index.tsx" data-sentry-component="FormBuilderIntegrations" class="sc-3d99112c-0 iYQIBQ overlay-page-container">…</div> subtree intercepts pointer events
    - retrying click action
      - waiting 100ms
    56 × waiting for element to be visible, enabled and stable
       - element is visible, enabled and stable
       - scrolling into view if needed
       - done scrolling
       - <div class="sc-3d99112c-2 jqyCIT" data-sentry-source-file="index.tsx" data-sentry-element="ContentWrapper">…</div> from <div data-sentry-element="Container" data-sentry-source-file="index.tsx" data-sentry-component="FormBuilderIntegrations" class="sc-3d99112c-0 iYQIBQ overlay-page-container">…</div> subtree intercepts pointer events
     - retrying click action
       - waiting 500ms
node:events:487
      throw er; // Unhandled 'error' event
      ^

Error: write EPIPE
    at afterWriteDispatched (node:internal/stream_base_commons:159:15)
    at writeGeneric (node:internal/stream_base_commons:150:3)
    at Socket._writeGeneric (node:net:1026:11)
    at Socket._write (node:net:1038:8)
    at writeOrBuffer (node:internal/streams/writable:570:12)
    at _write (node:internal/streams/writable:499:10)
    at Writable.write (node:internal/streams/writable:508:10)
    at PipeTransport.send (/opt/hostedtoolcache/Python/3.12.14/x64/lib/python3.12/site-packages/playwright/driver/package/lib/coreBundle.js:34569:25)
    at dispatcherConnection.onmessage (/opt/hostedtoolcache/Python/3.12.14/x64/lib/python3.12/site-packages/playwright/driver/package/lib/coreBundle.js:69266:59)
    at DispatcherConnection.sendDispose (/opt/hostedtoolcache/Python/3.12.14/x64/lib/python3.12/site-packages/playwright/driver/package/lib/coreBundle.js:18652:14)
Emitted 'error' event on Socket instance at:
    at emitErrorNT (node:internal/streams/destroy:170:8)
    at emitErrorCloseNT (node:internal/streams/destroy:129:3)
    at process.processTicksAndRejections (node:internal/process/task_queues:90:21) {
  errno: -32,
  code: 'EPIPE',
  syscall: 'write'
}

Node.js v24.18.1
